{
  "workflowRunCount" : 1,
  "studies" : [ "PCSI" ],
  "sequencerRuns" : [ "130321_SN203_0175_AC1MWPACXX" ],
  "lanes" : [ "130321_SN203_0175_AC1MWPACXX_lane_1", "130321_SN203_0175_AC1MWPACXX_lane_2" ],
  "samples" : [ "PCSI_0191_Pa_P_PE_410_EX", "PCSI_0191_St_R_PE_391_EX" ],
  "workflows" : [ "GenomicAlignmentNovoalign" ],
  "processingAlgorithms" : [ "PicardAddReadGroups" ],
  "fileMetaTypes" : [ "application/bam" ],
  "maxInputFiles" : 2,
  "minInputFiles" : 2,
  "totalInputFiles" : 2,
  "workflowRuns" : [ {
    "workflowIni" : {
      "bundled_jre" : "jre1.8.0_45",
      "check_points" : "400",
      "checked_snps" : "/.mounts/labs/PDE/data/SampleFingerprinting/snps/dbsnp137.hg19.402.overlap.vcf.gz",
      "data_dir" : "data",
      "dcov" : "200",
      "gatk_java" : "/.mounts/labs/PDE/Modules/sw/jvm/jdk1.7.0_79/bin/java",
      "gatk_prefix" : "./",
      "gatk_version" : "2.7-2-g6bda569",
      "genome_file" : "/.mounts/labs/PDE/data/SampleFingerprinting/fasta/hg19.fa",
      "manual_output" : "false",
      "memory_job_bam_index" : "4000",
      "memory_job_fin" : "4000",
      "memory_job_gatk" : "8000",
      "memory_job_index" : "10000",
      "memory_job_reorder" : "7000",
      "memory_job_vcf_prep" : "4000",
      "metadata" : "metadata",
      "output_dir" : "seqware-results",
      "picard_memory" : "7000",
      "picard_version" : "1.72",
      "preprocess_bam" : "false",
      "provision_vcfs" : "true",
      "queue" : "",
      "rg_details" : "531707:ILLUMINA:130321_SN203_0175_AC1MWPACXX_2_TAGCTT:PCSI_0191_St_R_PE_391_EX:PCSI_0191,531686:ILLUMINA:130321_SN203_0175_AC1MWPACXX_1_GGCTAC:PCSI_0191_Pa_P_PE_410_EX:PCSI_0191",
      "samtools_version" : "0.1.19",
      "stand_call_conf" : "50.0",
      "stand_emit_conf" : "10.0",
      "study_name" : "PCSI",
      "tabix_version" : "0.2.6",
      "vcftools_version" : "0.1.10"
    },
    "files" : [ {
      "studyTitle" : [ "PCSI" ],
      "studyAttributes" : {
        "geo_lab_group_id" : [ [ "33" ] ]
      },
      "experimentName" : [ ],
      "experimentAttributes" : { },
      "sampleName" : [ "PCSI_0191_Pa_P_PE_410_EX" ],
      "sampleAttributes" : {
        "geo_external_name" : [ [ "MGH1457", "MGH1457 " ] ],
        "geo_library_source_template_type" : [ [ "EX" ] ],
        "geo_organism" : [ [ "Homo sapiens" ] ],
        "geo_prep_kit" : [ [ "GA_multiplex" ] ],
        "geo_purpose" : [ [ "Library", "Stock" ] ],
        "geo_receive_date" : [ [ "2012-01-25" ] ],
        "geo_run_id_and_position_and_slot" : [ [ "1355_1_1" ] ],
        "geo_str_result" : [ [ "Pass" ] ],
        "geo_targeted_resequencing" : [ [ "Agilent SureSelect ICGC/Sanger Exon" ] ],
        "geo_template_id" : [ [ "17095", "17161", "18175", "20281", "29955", "29956" ] ],
        "geo_template_type" : [ [ "Identity", "Illumina PE Library", "Illumina PE Library Seq", "Primary Tumor Tissue", "gDNA" ] ],
        "geo_tissue_origin" : [ [ "Pa" ] ],
        "geo_tissue_preparation" : [ [ "Fresh Frozen" ] ],
        "geo_tissue_type" : [ [ "P" ] ]
      },
      "sequencerRunName" : [ "130321_SN203_0175_AC1MWPACXX" ],
      "sequencerRunAttributes" : {
        "geo_instrument_run_id" : [ [ "1355" ] ]
      },
      "laneName" : [ "130321_SN203_0175_AC1MWPACXX_lane_1" ],
      "laneAttributes" : {
        "geo_lane" : [ [ "1" ] ]
      },
      "iusTag" : [ "GGCTAC" ],
      "iusAttributes" : { },
      "workflowName" : [ "GenomicAlignmentNovoalign" ],
      "processingAlgorithm" : [ "PicardAddReadGroups" ],
      "processingAttributes" : { },
      "fileMetaType" : [ "application/bam" ],
      "fileAttributes" : { },
      "fileId" : 424962649
    }, {
      "studyTitle" : [ "PCSI" ],
      "studyAttributes" : {
        "geo_lab_group_id" : [ [ "33" ] ]
      },
      "experimentName" : [ ],
      "experimentAttributes" : { },
      "sampleName" : [ "PCSI_0191_St_R_PE_391_EX" ],
      "sampleAttributes" : {
        "geo_external_name" : [ [ "MGH1457", "MGH1457 " ] ],
        "geo_library_source_template_type" : [ [ "EX" ] ],
        "geo_organism" : [ [ "Homo sapiens" ] ],
        "geo_prep_kit" : [ [ "GA_multiplex" ] ],
        "geo_purpose" : [ [ "Library", "Stock" ] ],
        "geo_receive_date" : [ [ "2012-01-25" ] ],
        "geo_run_id_and_position_and_slot" : [ [ "1355_2_1" ] ],
        "geo_str_result" : [ [ "Pass" ] ],
        "geo_targeted_resequencing" : [ [ "Agilent SureSelect ICGC/Sanger Exon" ] ],
        "geo_template_id" : [ [ "17095", "17162", "21275", "21342", "29973", "29974" ] ],
        "geo_template_type" : [ [ "Identity", "Illumina PE Library", "Illumina PE Library Seq", "Reference Tissue", "gDNA" ] ],
        "geo_tissue_origin" : [ [ "St" ] ],
        "geo_tissue_preparation" : [ [ "Fresh Frozen" ] ],
        "geo_tissue_type" : [ [ "R" ] ]
      },
      "sequencerRunName" : [ "130321_SN203_0175_AC1MWPACXX" ],
      "sequencerRunAttributes" : {
        "geo_instrument_run_id" : [ [ "1355" ] ]
      },
      "laneName" : [ "130321_SN203_0175_AC1MWPACXX_lane_2" ],
      "laneAttributes" : {
        "geo_lane" : [ [ "2" ] ]
      },
      "iusTag" : [ "TAGCTT" ],
      "iusAttributes" : { },
      "workflowName" : [ "GenomicAlignmentNovoalign" ],
      "processingAlgorithm" : [ "PicardAddReadGroups" ],
      "processingAttributes" : { },
      "fileMetaType" : [ "application/bam" ],
      "fileAttributes" : { },
      "fileId" : -1089989556
    } ]
  } ]
}